../Core/Src/main.c:126:5:main	16	static
../Core/Src/main.c:196:6:SystemClock_Config	88	static
../Core/Src/main.c:244:13:MX_ADC1_Init	24	static
../Core/Src/main.c:296:13:MX_ADC2_Init	24	static
../Core/Src/main.c:348:13:MX_DAC_Init	16	static
../Core/Src/main.c:388:13:MX_TIM2_Init	32	static
../Core/Src/main.c:433:13:MX_TIM8_Init	32	static
../Core/Src/main.c:479:13:MX_USART2_UART_Init	8	static
../Core/Src/main.c:510:13:MX_DMA_Init	16	static
../Core/Src/main.c:538:13:MX_GPIO_Init	48	static
../Core/Src/main.c:581:6:HAL_ADC_ConvCpltCallback	16	static
../Core/Src/main.c:612:6:HAL_ADC_ConvHalfCpltCallback	16	static
../Core/Src/main.c:626:6:HAL_UART_RxCpltCallback	24	static
../Core/Src/main.c:679:6:stepResponse	8	static
../Core/Src/main.c:704:6:waveformResponse	16	static
../Core/Src/main.c:725:6:sendData	16	static
../Core/Src/main.c:741:6:setPinMode	48	static
../Core/Src/main.c:756:6:changeFreq	24	static
../Core/Src/main.c:774:6:Error_Handler	4	static,ignoring_inline_asm
